nohup: ignoring input
######################################
#### graph cintestinalis :  ####
######################################
reel_cintestinalis
✅ Graphe chargé : 205 nœuds et 2575 liens.
Graphe chargé avec succès : 205 nœuds et 2575 liens.
Graphe original: 2575 liens
Graphe d'entraînement: 2317 liens
Liens cachés pour le test: 258
Graphe original: 2317 liens
Graphe d'entraînement: 1969 liens
Liens cachés pour le test: 348
Lacement du k-fold cross validation...
--- Démarrage Parallèle Fold 1 ---
Graphe original: 1853 liens
Graphe d'entraînement: 1575 liens
Liens cachés pour le test: 278
--- Enrichissement du Graphe avec les Métriques de Structure ---
Calcul : PageRank, Clustering, Average Neighbor Degree, Degree Centrality
--- Enrichissement du Graphe avec les Communautés ---
Calcul des communautés via louvain...
Calcul des communautés via infomap...
Calcul des communautés via sbm...
--- Enrichissement du Graphe avec les Embeddings ---
Calcul des embeddings via n2v_homophily...
Calcul de Node2Vec (p=2, q=0.5)...
Génération des marches aléatoires (dim=64)...
Entraînement du modèle Skip-gram...
Calcul des embeddings via deepwalk...
Calcul de Node2Vec (p=1, q=1)...
Génération des marches aléatoires (dim=64)...
Entraînement du modèle Skip-gram...
--- Enrichissement du Graphe avec les Métriques de Structure ---
Calcul : PageRank, Clustering, Average Neighbor Degree, Degree Centrality
--- Enrichissement du Graphe avec les Communautés ---
Calcul des communautés via louvain...
Calcul des communautés via infomap...
Calcul des communautés via sbm...
--- Enrichissement du Graphe avec les Embeddings ---
Calcul des embeddings via n2v_homophily...
Calcul de Node2Vec (p=2, q=0.5)...
Génération des marches aléatoires (dim=64)...
Entraînement du modèle Skip-gram...
Calcul des embeddings via deepwalk...
Calcul de Node2Vec (p=1, q=1)...
Génération des marches aléatoires (dim=64)...
================================================================================
               RÉSULTATS OPTUNA : BASELINE VS TOP CONFIGURATIONS                
================================================================================
 Trial  Avg_AUC  Std_AUC   Avg_AP  Delta_AUC
     0 0.853112      0.0 0.164666   0.142907
--------------------------------------------------------------------------------
 Trial  Avg_AUC  Std_AUC   Avg_AP  Delta_AUC
    33 0.876333      0.0 0.233452   0.047621
    31 0.875695      0.0 0.226264   0.037230
    44 0.875383      0.0 0.228926   0.069953
    41 0.875264      0.0 0.225957   0.042266
    21 0.875179      0.0 0.226192   0.060181
    34 0.875110      0.0 0.218959   0.037964
    32 0.875058      0.0 0.231582   0.043826
    27 0.874823      0.0 0.234635   0.042685
    37 0.874677      0.0 0.241592   0.037254
    39 0.874387      0.0 0.213560   0.045739
================================================================================
Résultats sauvegardés dans : outputs/results/optuna_results_reel_cintestinalis.csv
{'learning_rate': 0.02909603835771493, 'max_depth': 3, 'min_child_weight': 3, 'subsample': 0.6360911194123413, 'colsample_bytree': 0.9933883215729478, 'reg_alpha': 0.0011049428761422475, 'reg_lambda': 0.007869259847818296, 'tree_method': 'hist', 'n_estimators': 150}
--- Enrichissement du Graphe avec les Métriques de Structure ---
Calcul : PageRank, Clustering, Average Neighbor Degree, Degree Centrality
--- Enrichissement du Graphe avec les Communautés ---
Calcul des communautés via louvain...
Calcul des communautés via infomap...
Calcul des communautés via sbm...
--- Enrichissement du Graphe avec les Embeddings ---
Calcul des embeddings via n2v_homophily...
Calcul de Node2Vec (p=2, q=0.5)...
Génération des marches aléatoires (dim=64)...
Entraînement du modèle Skip-gram...
Préparation des listes de paires...
Extraction parallèle sur 3058 paires (n_jobs=-1)...
DataFrame créé avec succès : 3058 lignes.
Préparation des listes de paires...
Extraction parallèle sur 12064 paires (n_jobs=-1)...
DataFrame créé avec succès : 12064 lignes.
Entraînement du modèle Skip-gram...
Calcul des embeddings via deepwalk...
Calcul de Node2Vec (p=1, q=1)...
Génération des marches aléatoires (dim=64)...
Entraînement du modèle Skip-gram...
--- Enrichissement du Graphe avec les Métriques de Structure ---
Calcul : PageRank, Clustering, Average Neighbor Degree, Degree Centrality
--- Enrichissement du Graphe avec les Communautés ---
Calcul des communautés via louvain...
Calcul des communautés via infomap...
Calcul des communautés via sbm...
--- Enrichissement du Graphe avec les Embeddings ---
Calcul des embeddings via n2v_homophily...
Calcul de Node2Vec (p=2, q=0.5)...
Génération des marches aléatoires (dim=64)...
Entraînement du modèle Skip-gram...
Calcul des embeddings via deepwalk...
Calcul de Node2Vec (p=1, q=1)...
Génération des marches aléatoires (dim=64)...
Entraînement du modèle Skip-gram...
Sauvegarde des datasets
Préparation des listes de paires...
Extraction parallèle sur 3828 paires (n_jobs=-1)...
DataFrame créé avec succès : 3828 lignes.
Préparation des listes de paires...
Extraction parallèle sur 13158 paires (n_jobs=-1)...
DataFrame créé avec succès : 13158 lignes.
Vérif : colonnes du dataset :
Index(['u', 'v', 'target', 'cn', 'aa', 'jc', 'pa', 'sp', 'pr_u', 'pr_v',
       'lcc_u', 'lcc_v', 'and_u', 'and_v', 'dc_u', 'dc_v', 'louvain_density',
       'same_louvain', 'infomap_density', 'same_infomap', 'sbm_density',
       'same_sbm', 'n2v_homophily_cos', 'n2v_homophily_dist', 'deepwalk_cos',
       'deepwalk_dist'],
      dtype='object')
Dataset (DataFrame) sauvegardé : /home/jovyan/GuilhemDupuy/SHAP-like-Graph-Analysis/outputs/results/dataset_train_reel_cintestinalis
Dataset (DataFrame) sauvegardé : /home/jovyan/GuilhemDupuy/SHAP-like-Graph-Analysis/outputs/results/dataset_hidden_reel_cintestinalis
 RÉSULTATS
 Test_AP  Test_AUC-ROC  Test_F1-Score  Test_AUC-PR  Hidden_AP  Hidden_AUC-ROC  Hidden_F1-Score  Hidden_AUC-PR
0.326711       0.86025       0.231884     0.314938   0.176584        0.902416         0.243151       0.173501
Calcul TreeExplainer : 516 échantillons au total.
Sauvegarde de l'analyse SHAP
######################################
#### graph faculty_hiring_computer_science :  ####
######################################
reel_faculty_hiring_computer_science
✅ Graphe chargé : 206 nœuds et 2741 liens.
Graphe chargé avec succès : 206 nœuds et 2741 liens.
Graphe original: 2741 liens
Graphe d'entraînement: 2466 liens
Liens cachés pour le test: 275
Graphe original: 2466 liens
Graphe d'entraînement: 2096 liens
Liens cachés pour le test: 370
Lacement du k-fold cross validation...
--- Démarrage Parallèle Fold 1 ---
Graphe original: 1972 liens
Graphe d'entraînement: 1676 liens
Liens cachés pour le test: 296
--- Enrichissement du Graphe avec les Métriques de Structure ---
Calcul : PageRank, Clustering, Average Neighbor Degree, Degree Centrality
--- Enrichissement du Graphe avec les Communautés ---
Calcul des communautés via louvain...
Calcul des communautés via infomap...
Calcul des communautés via sbm...
--- Enrichissement du Graphe avec les Embeddings ---
Calcul des embeddings via n2v_homophily...
Calcul de Node2Vec (p=2, q=0.5)...
Génération des marches aléatoires (dim=64)...
Entraînement du modèle Skip-gram...
Calcul des embeddings via deepwalk...
Calcul de Node2Vec (p=1, q=1)...
Génération des marches aléatoires (dim=64)...
Entraînement du modèle Skip-gram...
--- Enrichissement du Graphe avec les Métriques de Structure ---
Calcul : PageRank, Clustering, Average Neighbor Degree, Degree Centrality
--- Enrichissement du Graphe avec les Communautés ---
Calcul des communautés via louvain...
Calcul des communautés via infomap...
Calcul des communautés via sbm...
--- Enrichissement du Graphe avec les Embeddings ---
Calcul des embeddings via n2v_homophily...
Calcul de Node2Vec (p=2, q=0.5)...
Génération des marches aléatoires (dim=64)...
Entraînement du modèle Skip-gram...
Calcul des embeddings via deepwalk...
Calcul de Node2Vec (p=1, q=1)...
Génération des marches aléatoires (dim=64)...
================================================================================
               RÉSULTATS OPTUNA : BASELINE VS TOP CONFIGURATIONS                
================================================================================
 Trial  Avg_AUC  Std_AUC   Avg_AP  Delta_AUC
     0 0.811474      0.0 0.211525   0.181506
--------------------------------------------------------------------------------
 Trial  Avg_AUC  Std_AUC   Avg_AP  Delta_AUC
    31 0.850064      0.0 0.253945   0.084714
    42 0.849990      0.0 0.259699   0.086208
    45 0.849617      0.0 0.273302   0.075814
    47 0.848983      0.0 0.271229   0.076484
    43 0.848937      0.0 0.265101   0.089311
    37 0.848850      0.0 0.268794   0.079289
    35 0.848733      0.0 0.248232   0.092148
    41 0.848687      0.0 0.259562   0.088775
    22 0.847974      0.0 0.253357   0.075453
    21 0.847781      0.0 0.242681   0.080878
================================================================================
Résultats sauvegardés dans : outputs/results/optuna_results_reel_faculty_hiring_computer_science.csv
{'learning_rate': 0.060980934671774685, 'max_depth': 3, 'min_child_weight': 2, 'subsample': 0.7262329411471556, 'colsample_bytree': 0.6349896265897487, 'reg_alpha': 0.1879734441236611, 'reg_lambda': 0.04214076700357216, 'tree_method': 'hist', 'n_estimators': 150}
--- Enrichissement du Graphe avec les Métriques de Structure ---
Calcul : PageRank, Clustering, Average Neighbor Degree, Degree Centrality
--- Enrichissement du Graphe avec les Communautés ---
Calcul des communautés via louvain...
Calcul des communautés via infomap...
Calcul des communautés via sbm...
--- Enrichissement du Graphe avec les Embeddings ---
Calcul des embeddings via n2v_homophily...
Calcul de Node2Vec (p=2, q=0.5)...
Génération des marches aléatoires (dim=64)...
Entraînement du modèle Skip-gram...
Préparation des listes de paires...
Extraction parallèle sur 3256 paires (n_jobs=-1)...
DataFrame créé avec succès : 3256 lignes.
Préparation des listes de paires...
Extraction parallèle sur 12844 paires (n_jobs=-1)...
DataFrame créé avec succès : 12844 lignes.
Entraînement du modèle Skip-gram...
Calcul des embeddings via deepwalk...
Calcul de Node2Vec (p=1, q=1)...
Génération des marches aléatoires (dim=64)...
Entraînement du modèle Skip-gram...
--- Enrichissement du Graphe avec les Métriques de Structure ---
Calcul : PageRank, Clustering, Average Neighbor Degree, Degree Centrality
--- Enrichissement du Graphe avec les Communautés ---
Calcul des communautés via louvain...
Calcul des communautés via infomap...
Calcul des communautés via sbm...
--- Enrichissement du Graphe avec les Embeddings ---
Calcul des embeddings via n2v_homophily...
Calcul de Node2Vec (p=2, q=0.5)...
Génération des marches aléatoires (dim=64)...
Entraînement du modèle Skip-gram...
Calcul des embeddings via deepwalk...
Calcul de Node2Vec (p=1, q=1)...
Génération des marches aléatoires (dim=64)...
Entraînement du modèle Skip-gram...
Sauvegarde des datasets
Préparation des listes de paires...
Extraction parallèle sur 4070 paires (n_jobs=-1)...
DataFrame créé avec succès : 4070 lignes.
Préparation des listes de paires...
Extraction parallèle sur 14025 paires (n_jobs=-1)...
DataFrame créé avec succès : 14025 lignes.
Vérif : colonnes du dataset :
Index(['u', 'v', 'target', 'cn', 'aa', 'jc', 'pa', 'sp', 'pr_u', 'pr_v',
       'lcc_u', 'lcc_v', 'and_u', 'and_v', 'dc_u', 'dc_v', 'louvain_density',
       'same_louvain', 'infomap_density', 'same_infomap', 'sbm_density',
       'same_sbm', 'n2v_homophily_cos', 'n2v_homophily_dist', 'deepwalk_cos',
       'deepwalk_dist'],
      dtype='object')
Dataset (DataFrame) sauvegardé : /home/jovyan/GuilhemDupuy/SHAP-like-Graph-Analysis/outputs/results/dataset_train_reel_faculty_hiring_computer_science
Dataset (DataFrame) sauvegardé : /home/jovyan/GuilhemDupuy/SHAP-like-Graph-Analysis/outputs/results/dataset_hidden_reel_faculty_hiring_computer_science
 RÉSULTATS
 Test_AP  Test_AUC-ROC  Test_F1-Score  Test_AUC-PR  Hidden_AP  Hidden_AUC-ROC  Hidden_F1-Score  Hidden_AUC-PR
0.339158      0.832372       0.252874     0.333105    0.22551        0.850535         0.248826       0.223994
Calcul TreeExplainer : 550 échantillons au total.
Sauvegarde de l'analyse SHAP
######################################
#### graph jazz_collab :  ####
######################################
reel_jazz_collab
✅ Graphe chargé : 198 nœuds et 2742 liens.
Graphe chargé avec succès : 198 nœuds et 2742 liens.
Graphe original: 2742 liens
Graphe d'entraînement: 2467 liens
Liens cachés pour le test: 275
Graphe original: 2467 liens
Graphe d'entraînement: 2096 liens
Liens cachés pour le test: 371
Lacement du k-fold cross validation...
--- Démarrage Parallèle Fold 1 ---
Graphe original: 1973 liens
Graphe d'entraînement: 1677 liens
Liens cachés pour le test: 296
--- Enrichissement du Graphe avec les Métriques de Structure ---
Calcul : PageRank, Clustering, Average Neighbor Degree, Degree Centrality
--- Enrichissement du Graphe avec les Communautés ---
Calcul des communautés via louvain...
Calcul des communautés via infomap...
Calcul des communautés via sbm...
--- Enrichissement du Graphe avec les Embeddings ---
Calcul des embeddings via n2v_homophily...
Calcul de Node2Vec (p=2, q=0.5)...
Génération des marches aléatoires (dim=64)...
Entraînement du modèle Skip-gram...
Calcul des embeddings via deepwalk...
Calcul de Node2Vec (p=1, q=1)...
Génération des marches aléatoires (dim=64)...
Entraînement du modèle Skip-gram...
--- Enrichissement du Graphe avec les Métriques de Structure ---
Calcul : PageRank, Clustering, Average Neighbor Degree, Degree Centrality
--- Enrichissement du Graphe avec les Communautés ---
Calcul des communautés via louvain...
Calcul des communautés via infomap...
Calcul des communautés via sbm...
--- Enrichissement du Graphe avec les Embeddings ---
Calcul des embeddings via n2v_homophily...
Calcul de Node2Vec (p=2, q=0.5)...
Génération des marches aléatoires (dim=64)...
Entraînement du modèle Skip-gram...
Calcul des embeddings via deepwalk...
Calcul de Node2Vec (p=1, q=1)...
Génération des marches aléatoires (dim=64)...
================================================================================
               RÉSULTATS OPTUNA : BASELINE VS TOP CONFIGURATIONS                
================================================================================
 Trial  Avg_AUC  Std_AUC   Avg_AP  Delta_AUC
     0 0.945856      0.0 0.463147   0.051262
--------------------------------------------------------------------------------
 Trial  Avg_AUC  Std_AUC   Avg_AP  Delta_AUC
    24 0.954518      0.0 0.530873  -0.002728
    25 0.953748      0.0 0.517257   0.007705
    26 0.953630      0.0 0.515018   0.008760
    27 0.953437      0.0 0.518553   0.017722
     5 0.953351      0.0 0.533398  -0.000412
    34 0.953304      0.0 0.521133   0.000429
    42 0.953277      0.0 0.520414   0.008662
    35 0.953276      0.0 0.517350   0.007700
     4 0.953226      0.0 0.531418  -0.003158
    22 0.953122      0.0 0.532199  -0.005745
================================================================================
Résultats sauvegardés dans : outputs/results/optuna_results_reel_jazz_collab.csv
{'learning_rate': 0.027018894890918226, 'max_depth': 3, 'min_child_weight': 10, 'subsample': 0.6817630212252875, 'colsample_bytree': 0.8262930089421119, 'reg_alpha': 0.1690547532467176, 'reg_lambda': 0.025751031519651527, 'tree_method': 'hist', 'n_estimators': 150}
--- Enrichissement du Graphe avec les Métriques de Structure ---
Calcul : PageRank, Clustering, Average Neighbor Degree, Degree Centrality
--- Enrichissement du Graphe avec les Communautés ---
Calcul des communautés via louvain...
Calcul des communautés via infomap...
Calcul des communautés via sbm...
--- Enrichissement du Graphe avec les Embeddings ---
Calcul des embeddings via n2v_homophily...
Calcul de Node2Vec (p=2, q=0.5)...
Génération des marches aléatoires (dim=64)...
Entraînement du modèle Skip-gram...
Préparation des listes de paires...
Extraction parallèle sur 3256 paires (n_jobs=-1)...
DataFrame créé avec succès : 3256 lignes.
Préparation des listes de paires...
Extraction parallèle sur 12844 paires (n_jobs=-1)...
DataFrame créé avec succès : 12844 lignes.
Entraînement du modèle Skip-gram...
Calcul des embeddings via deepwalk...
Calcul de Node2Vec (p=1, q=1)...
Génération des marches aléatoires (dim=64)...
Entraînement du modèle Skip-gram...
--- Enrichissement du Graphe avec les Métriques de Structure ---
Calcul : PageRank, Clustering, Average Neighbor Degree, Degree Centrality
--- Enrichissement du Graphe avec les Communautés ---
Calcul des communautés via louvain...
Calcul des communautés via infomap...
Calcul des communautés via sbm...
--- Enrichissement du Graphe avec les Embeddings ---
Calcul des embeddings via n2v_homophily...
Calcul de Node2Vec (p=2, q=0.5)...
Génération des marches aléatoires (dim=64)...
Entraînement du modèle Skip-gram...
Calcul des embeddings via deepwalk...
Calcul de Node2Vec (p=1, q=1)...
Génération des marches aléatoires (dim=64)...
Entraînement du modèle Skip-gram...
Sauvegarde des datasets
Préparation des listes de paires...
Extraction parallèle sur 4081 paires (n_jobs=-1)...
DataFrame créé avec succès : 4081 lignes.
Préparation des listes de paires...
Extraction parallèle sur 14025 paires (n_jobs=-1)...
DataFrame créé avec succès : 14025 lignes.
Vérif : colonnes du dataset :
Index(['u', 'v', 'target', 'cn', 'aa', 'jc', 'pa', 'sp', 'pr_u', 'pr_v',
       'lcc_u', 'lcc_v', 'and_u', 'and_v', 'dc_u', 'dc_v', 'louvain_density',
       'same_louvain', 'infomap_density', 'same_infomap', 'sbm_density',
       'same_sbm', 'n2v_homophily_cos', 'n2v_homophily_dist', 'deepwalk_cos',
       'deepwalk_dist'],
      dtype='object')
Dataset (DataFrame) sauvegardé : /home/jovyan/GuilhemDupuy/SHAP-like-Graph-Analysis/outputs/results/dataset_train_reel_jazz_collab
Dataset (DataFrame) sauvegardé : /home/jovyan/GuilhemDupuy/SHAP-like-Graph-Analysis/outputs/results/dataset_hidden_reel_jazz_collab
 RÉSULTATS
 Test_AP  Test_AUC-ROC  Test_F1-Score  Test_AUC-PR  Hidden_AP  Hidden_AUC-ROC  Hidden_F1-Score  Hidden_AUC-PR
0.764832      0.978522       0.739496     0.762045   0.544713        0.969044         0.532951       0.543651
Calcul TreeExplainer : 550 échantillons au total.
Sauvegarde de l'analyse SHAP
######################################
#### graph wiki_science :  ####
######################################
reel_wiki_science
✅ Graphe chargé : 687 nœuds et 6523 liens.
Graphe chargé avec succès : 687 nœuds et 6523 liens.
Graphe original: 6523 liens
Graphe d'entraînement: 5870 liens
Liens cachés pour le test: 653
Graphe original: 5870 liens
Graphe d'entraînement: 4989 liens
Liens cachés pour le test: 881
Lacement du k-fold cross validation...
--- Démarrage Parallèle Fold 1 ---
Graphe original: 4696 liens
Graphe d'entraînement: 3991 liens
Liens cachés pour le test: 705
--- Enrichissement du Graphe avec les Métriques de Structure ---
Calcul : PageRank, Clustering, Average Neighbor Degree, Degree Centrality
--- Enrichissement du Graphe avec les Communautés ---
Calcul des communautés via louvain...
Calcul des communautés via infomap...
Calcul des communautés via sbm...
--- Enrichissement du Graphe avec les Embeddings ---
Calcul des embeddings via n2v_homophily...
Calcul de Node2Vec (p=2, q=0.5)...
Génération des marches aléatoires (dim=64)...
Entraînement du modèle Skip-gram...
Calcul des embeddings via deepwalk...
Calcul de Node2Vec (p=1, q=1)...
Génération des marches aléatoires (dim=64)...
Entraînement du modèle Skip-gram...
--- Enrichissement du Graphe avec les Métriques de Structure ---
Calcul : PageRank, Clustering, Average Neighbor Degree, Degree Centrality
--- Enrichissement du Graphe avec les Communautés ---
Calcul des communautés via louvain...
Calcul des communautés via infomap...
Calcul des communautés via sbm...
--- Enrichissement du Graphe avec les Embeddings ---
Calcul des embeddings via n2v_homophily...
Calcul de Node2Vec (p=2, q=0.5)...
Génération des marches aléatoires (dim=64)...
Entraînement du modèle Skip-gram...
Calcul des embeddings via deepwalk...
Calcul de Node2Vec (p=1, q=1)...
Génération des marches aléatoires (dim=64)...
Entraînement du modèle Skip-gram...
Préparation des listes de paires...
Extraction parallèle sur 7755 paires (n_jobs=-1)...
DataFrame créé avec succès : 7755 lignes.
Préparation des listes de paires...
Extraction parallèle sur 30524 paires (n_jobs=-1)...
DataFrame créé avec succès : 30524 lignes.
================================================================================
               RÉSULTATS OPTUNA : BASELINE VS TOP CONFIGURATIONS                
================================================================================
 Trial  Avg_AUC  Std_AUC   Avg_AP  Delta_AUC
     0 0.972945      0.0 0.701028   0.023698
--------------------------------------------------------------------------------
 Trial  Avg_AUC  Std_AUC   Avg_AP  Delta_AUC
    19 0.977277      0.0 0.726303   0.003521
    21 0.977216      0.0 0.729002   0.003418
    38 0.977159      0.0 0.726619   0.005470
    41 0.977118      0.0 0.729537   0.004143
    24 0.977108      0.0 0.728913   0.002479
    34 0.977003      0.0 0.725526   0.005808
    12 0.976992      0.0 0.721983   0.004516
    42 0.976976      0.0 0.724428   0.006542
    13 0.976901      0.0 0.720369   0.002974
    11 0.976884      0.0 0.724520   0.005772
================================================================================
Résultats sauvegardés dans : outputs/results/optuna_results_reel_wiki_science.csv
{'learning_rate': 0.048158368974911575, 'max_depth': 3, 'min_child_weight': 4, 'subsample': 0.8923263242053785, 'colsample_bytree': 0.6032316007580778, 'reg_alpha': 1.810134751692491, 'reg_lambda': 3.6217637401150746, 'tree_method': 'hist', 'n_estimators': 150}
--- Enrichissement du Graphe avec les Métriques de Structure ---
Calcul : PageRank, Clustering, Average Neighbor Degree, Degree Centrality
--- Enrichissement du Graphe avec les Communautés ---
Calcul des communautés via louvain...
Calcul des communautés via infomap...
Calcul des communautés via sbm...
--- Enrichissement du Graphe avec les Embeddings ---
Calcul des embeddings via n2v_homophily...
Calcul de Node2Vec (p=2, q=0.5)...
Génération des marches aléatoires (dim=64)...
Entraînement du modèle Skip-gram...
Calcul des embeddings via deepwalk...
Calcul de Node2Vec (p=1, q=1)...
Génération des marches aléatoires (dim=64)...
Entraînement du modèle Skip-gram...
--- Enrichissement du Graphe avec les Métriques de Structure ---
Calcul : PageRank, Clustering, Average Neighbor Degree, Degree Centrality
--- Enrichissement du Graphe avec les Communautés ---
Calcul des communautés via louvain...
Calcul des communautés via infomap...
Calcul des communautés via sbm...
--- Enrichissement du Graphe avec les Embeddings ---
Calcul des embeddings via n2v_homophily...
Calcul de Node2Vec (p=2, q=0.5)...
Génération des marches aléatoires (dim=64)...
Entraînement du modèle Skip-gram...
Calcul des embeddings via deepwalk...
Calcul de Node2Vec (p=1, q=1)...
Génération des marches aléatoires (dim=64)...
Entraînement du modèle Skip-gram...
Sauvegarde des datasets
Préparation des listes de paires...
Extraction parallèle sur 9691 paires (n_jobs=-1)...
DataFrame créé avec succès : 9691 lignes.
Préparation des listes de paires...
Extraction parallèle sur 33303 paires (n_jobs=-1)...
DataFrame créé avec succès : 33303 lignes.
Vérif : colonnes du dataset :
Index(['u', 'v', 'target', 'cn', 'aa', 'jc', 'pa', 'sp', 'pr_u', 'pr_v',
       'lcc_u', 'lcc_v', 'and_u', 'and_v', 'dc_u', 'dc_v', 'louvain_density',
       'same_louvain', 'infomap_density', 'same_infomap', 'sbm_density',
       'same_sbm', 'n2v_homophily_cos', 'n2v_homophily_dist', 'deepwalk_cos',
       'deepwalk_dist'],
      dtype='object')
Dataset (DataFrame) sauvegardé : /home/jovyan/GuilhemDupuy/SHAP-like-Graph-Analysis/outputs/results/dataset_train_reel_wiki_science
Dataset (DataFrame) sauvegardé : /home/jovyan/GuilhemDupuy/SHAP-like-Graph-Analysis/outputs/results/dataset_hidden_reel_wiki_science
 RÉSULTATS
 Test_AP  Test_AUC-ROC  Test_F1-Score  Test_AUC-PR  Hidden_AP  Hidden_AUC-ROC  Hidden_F1-Score  Hidden_AUC-PR
0.860046      0.980851       0.768769     0.859308   0.701043        0.984186         0.601292       0.700624
Calcul TreeExplainer : 1306 échantillons au total.
Sauvegarde de l'analyse SHAP
######################################
#### graph Airports :  ####
######################################
reel_Airports
✅ Graphe chargé : 3363 nœuds et 13547 liens.
Graphe chargé avec succès : 3363 nœuds et 13547 liens.
Graphe original: 13547 liens
Graphe d'entraînement: 12192 liens
Liens cachés pour le test: 1355
Graphe original: 12192 liens
Graphe d'entraînement: 10363 liens
Liens cachés pour le test: 1829
Lacement du k-fold cross validation...
--- Démarrage Parallèle Fold 1 ---
Graphe original: 9753 liens
Graphe d'entraînement: 8290 liens
Liens cachés pour le test: 1463
--- Enrichissement du Graphe avec les Métriques de Structure ---
Calcul : PageRank, Clustering, Average Neighbor Degree, Degree Centrality
--- Enrichissement du Graphe avec les Communautés ---
Calcul des communautés via louvain...
Calcul des communautés via infomap...
Calcul des communautés via sbm...
--- Enrichissement du Graphe avec les Embeddings ---
Calcul des embeddings via n2v_homophily...
Calcul de Node2Vec (p=2, q=0.5)...
Génération des marches aléatoires (dim=64)...
Entraînement du modèle Skip-gram...
Calcul des embeddings via deepwalk...
Calcul de Node2Vec (p=1, q=1)...
Génération des marches aléatoires (dim=64)...
Entraînement du modèle Skip-gram...
--- Enrichissement du Graphe avec les Métriques de Structure ---
Calcul : PageRank, Clustering, Average Neighbor Degree, Degree Centrality
--- Enrichissement du Graphe avec les Communautés ---
Calcul des communautés via louvain...
Calcul des communautés via infomap...
Calcul des communautés via sbm...
--- Enrichissement du Graphe avec les Embeddings ---
Calcul des embeddings via n2v_homophily...
Calcul de Node2Vec (p=2, q=0.5)...
Génération des marches aléatoires (dim=64)...
